=== Mon Oct  6 16:01:57     2025 ===
Working dir: /c/Users/rodi9/Dropbox/InstitutGR/HESS4MRA/Testing/CapRig1Repo/Ros2Rig/esp32_firmware
PlatformIO: PlatformIO Core, version 6.1.18

>>> Clean micro-ROS artifacts
rm: cannot remove '.pio/libdeps/esp32dev/micro_ros_platformio/build/dev/src/ament_lint/ament_flake8/ament_flake8/configuration': Device or resource busy
Processing esp32dev (platform: espressif32; board: esp32dev; framework: arduino)
--------------------------------------------------------------------------------
Library Manager: Installing git+https://github.com/micro-ROS/micro_ros_platformio
git version 2.48.1.windows.1
Cloning into 'C:\Users\rodi9\.platformio\.cache\tmp\pkg-installing-cj3ov15b'...
Library Manager: micro_ros_platformio@0.0.1+sha.cfee17f has been installed!
Verbose mode can be enabled via `-v, --verbose` option
CONFIGURATION: https://docs.platformio.org/page/boards/espressif32/esp32dev.html
PLATFORM: Espressif 32 (6.12.0) > Espressif ESP32 Dev Module
HARDWARE: ESP32 240MHz, 320KB RAM, 4MB Flash
DEBUG: Current (cmsis-dap) External (cmsis-dap, esp-bridge, esp-prog, iot-bus-jtag, jlink, minimodule, olimex-arm-usb-ocd, olimex-arm-usb-ocd-h, olimex-arm-usb-tiny-h, olimex-jtag-tiny, tumpa)
PACKAGES: 
 - framework-arduinoespressif32 @ 3.20017.241212+sha.dcc1105b 
 - tool-esptoolpy @ 2.40900.250804 (4.9.0) 
 - toolchain-xtensa-esp32 @ 8.4.0+2021r2-patch5
LDF: Library Dependency Finder -> https://bit.ly/configure-pio-ldf
LDF Modes: Finder ~ chain+, Compatibility ~ soft
Found 34 compatible libraries
Scanning dependencies...
Dependency Graph
|-- micro_ros_platformio @ 0.0.1+sha.cfee17f
Building in release mode
clean_microros_callback(["clean_microros"], [])
micro-ROS library cleaned!
========================= [SUCCESS] Took 3.46 seconds =========================

>>> Build
Processing esp32dev (platform: espressif32; board: esp32dev; framework: arduino)
--------------------------------------------------------------------------------
Verbose mode can be enabled via `-v, --verbose` option
CONFIGURATION: https://docs.platformio.org/page/boards/espressif32/esp32dev.html
PLATFORM: Espressif 32 (6.12.0) > Espressif ESP32 Dev Module
HARDWARE: ESP32 240MHz, 320KB RAM, 4MB Flash
DEBUG: Current (cmsis-dap) External (cmsis-dap, esp-bridge, esp-prog, iot-bus-jtag, jlink, minimodule, olimex-arm-usb-ocd, olimex-arm-usb-ocd-h, olimex-arm-usb-tiny-h, olimex-jtag-tiny, tumpa)
PACKAGES: 
 - framework-arduinoespressif32 @ 3.20017.241212+sha.dcc1105b 
 - tool-esptoolpy @ 2.40900.250804 (4.9.0) 
 - toolchain-xtensa-esp32 @ 8.4.0+2021r2-patch5
LDF: Library Dependency Finder -> https://bit.ly/configure-pio-ldf
LDF Modes: Finder ~ chain+, Compatibility ~ soft
Installing importlib-resources with pip at PlatformIO environment
C:\Users\rodi9\.platformio\penv\Scripts\python.exe -m pip install importlib-resources
Requirement already satisfied: importlib-resources in c:\users\rodi9\.platformio\penv\lib\site-packages (6.5.2)
Installing pyyaml with pip at PlatformIO environment
C:\Users\rodi9\.platformio\penv\Scripts\python.exe -m pip install pyyaml
Requirement already satisfied: pyyaml in c:\users\rodi9\.platformio\penv\lib\site-packages (6.0.3)
Installing markupsafe==2.0.1 with pip at PlatformIO environment
C:\Users\rodi9\.platformio\penv\Scripts\python.exe -m pip install markupsafe==2.0.1
Requirement already satisfied: markupsafe==2.0.1 in c:\users\rodi9\.platformio\penv\lib\site-packages (2.0.1)
Installing empy==3.3.4 with pip at PlatformIO environment
C:\Users\rodi9\.platformio\penv\Scripts\python.exe -m pip install empy==3.3.4
Requirement already satisfied: empy==3.3.4 in c:\users\rodi9\.platformio\penv\lib\site-packages (3.3.4)
Configuring esp32dev with transport serial
Downloading micro-ROS dev dependencies
	 - Downloaded ament_cmake
	 - Downloaded ament_lint
	 - Downloaded ament_package
	 - Downloaded googletest
	 - Downloaded ament_cmake_ros
	 - Downloaded ament_index
Building micro-ROS dev dependencies
Build dev micro-ROS environment failed: 
 Der Befehl "." ist entweder falsch geschrieben oder

konnte nicht gefunden werden.


========================= [FAILED] Took 15.33 seconds =========================
