=== Mon Oct  6 16:12:45     2025 ===
WD: /c/Users/rodi9/Dropbox/InstitutGR/HESS4MRA/Testing/CapRig1Repo/Ros2Rig/esp32_firmware
PlatformIO Core, version 6.1.18

>>> Clean micro-ROS artifacts (pio target)
Processing esp32dev (platform: espressif32; board: esp32dev; framework: arduino)
--------------------------------------------------------------------------------
Verbose mode can be enabled via `-v, --verbose` option
CONFIGURATION: https://docs.platformio.org/page/boards/espressif32/esp32dev.html
PLATFORM: Espressif 32 (6.12.0) > Espressif ESP32 Dev Module
HARDWARE: ESP32 240MHz, 320KB RAM, 4MB Flash
DEBUG: Current (cmsis-dap) External (cmsis-dap, esp-bridge, esp-prog, iot-bus-jtag, jlink, minimodule, olimex-arm-usb-ocd, olimex-arm-usb-ocd-h, olimex-arm-usb-tiny-h, olimex-jtag-tiny, tumpa)
PACKAGES: 
 - framework-arduinoespressif32 @ 3.20017.241212+sha.dcc1105b 
 - tool-esptoolpy @ 2.40900.250804 (4.9.0) 
 - toolchain-xtensa-esp32 @ 8.4.0+2021r2-patch5
LDF: Library Dependency Finder -> https://bit.ly/configure-pio-ldf
LDF Modes: Finder ~ chain, Compatibility ~ soft
Found 34 compatible libraries
Scanning dependencies...
Dependency Graph
|-- micro_ros_platformio @ 0.0.1+sha.cfee17f
Building in release mode
clean_microros_callback(["clean_microros"], [])
micro-ROS library cleaned!
========================= [SUCCESS] Took 2.63 seconds =========================

>>> Build
Processing esp32dev (platform: espressif32; board: esp32dev; framework: arduino)
--------------------------------------------------------------------------------
Verbose mode can be enabled via `-v, --verbose` option
CONFIGURATION: https://docs.platformio.org/page/boards/espressif32/esp32dev.html
PLATFORM: Espressif 32 (6.12.0) > Espressif ESP32 Dev Module
HARDWARE: ESP32 240MHz, 320KB RAM, 4MB Flash
DEBUG: Current (cmsis-dap) External (cmsis-dap, esp-bridge, esp-prog, iot-bus-jtag, jlink, minimodule, olimex-arm-usb-ocd, olimex-arm-usb-ocd-h, olimex-arm-usb-tiny-h, olimex-jtag-tiny, tumpa)
PACKAGES: 
 - framework-arduinoespressif32 @ 3.20017.241212+sha.dcc1105b 
 - tool-esptoolpy @ 2.40900.250804 (4.9.0) 
 - toolchain-xtensa-esp32 @ 8.4.0+2021r2-patch5
LDF: Library Dependency Finder -> https://bit.ly/configure-pio-ldf
LDF Modes: Finder ~ chain, Compatibility ~ soft
Installing importlib-resources with pip at PlatformIO environment
C:\Users\rodi9\.platformio\penv\Scripts\python.exe -m pip install importlib-resources
Requirement already satisfied: importlib-resources in c:\users\rodi9\.platformio\penv\lib\site-packages (6.5.2)
Installing pyyaml with pip at PlatformIO environment
C:\Users\rodi9\.platformio\penv\Scripts\python.exe -m pip install pyyaml
Requirement already satisfied: pyyaml in c:\users\rodi9\.platformio\penv\lib\site-packages (6.0.3)
Installing markupsafe==2.0.1 with pip at PlatformIO environment
C:\Users\rodi9\.platformio\penv\Scripts\python.exe -m pip install markupsafe==2.0.1
Requirement already satisfied: markupsafe==2.0.1 in c:\users\rodi9\.platformio\penv\lib\site-packages (2.0.1)
Installing empy==3.3.4 with pip at PlatformIO environment
C:\Users\rodi9\.platformio\penv\Scripts\python.exe -m pip install empy==3.3.4
Requirement already satisfied: empy==3.3.4 in c:\users\rodi9\.platformio\penv\lib\site-packages (3.3.4)
Configuring esp32dev with transport serial
Downloading micro-ROS dev dependencies
ament_cmake pull failed: 
From https://github.com/ament/ament_cmake
 * branch            humble     -> FETCH_HEAD
fatal: refusing to merge unrelated histories

========================== [FAILED] Took 8.69 seconds ==========================
